Archive member included to satisfy reference by file (symbol)

C:/ST/STM32CubeIDE_1.17.0/STM32CubeIDE/plugins/com.st.stm32cube.ide.mcu.externaltools.gnu-tools-for-stm32.12.3.rel1.win32_1.1.0.202410251130/tools/bin/../lib/gcc/arm-none-eabi/12.3.1/../../../../arm-none-eabi/lib/thumb/v7e-m+fp/hard\libc_nano.a(libc_a-exit.o)
                              C:/ST/STM32CubeIDE_1.17.0/STM32CubeIDE/plugins/com.st.stm32cube.ide.mcu.externaltools.gnu-tools-for-stm32.12.3.rel1.win32_1.1.0.202410251130/tools/bin/../lib/gcc/arm-none-eabi/12.3.1/../../../../arm-none-eabi/lib/thumb/v7e-m+fp/hard/crt0.o (exit)
C:/ST/STM32CubeIDE_1.17.0/STM32CubeIDE/plugins/com.st.stm32cube.ide.mcu.externaltools.gnu-tools-for-stm32.12.3.rel1.win32_1.1.0.202410251130/tools/bin/../lib/gcc/arm-none-eabi/12.3.1/../../../../arm-none-eabi/lib/thumb/v7e-m+fp/hard\libc_nano.a(libc_a-findfp.o)
                              C:/ST/STM32CubeIDE_1.17.0/STM32CubeIDE/plugins/com.st.stm32cube.ide.mcu.externaltools.gnu-tools-for-stm32.12.3.rel1.win32_1.1.0.202410251130/tools/bin/../lib/gcc/arm-none-eabi/12.3.1/../../../../arm-none-eabi/lib/thumb/v7e-m+fp/hard\libc_nano.a(libc_a-exit.o) (__stdio_exit_handler)
C:/ST/STM32CubeIDE_1.17.0/STM32CubeIDE/plugins/com.st.stm32cube.ide.mcu.externaltools.gnu-tools-for-stm32.12.3.rel1.win32_1.1.0.202410251130/tools/bin/../lib/gcc/arm-none-eabi/12.3.1/../../../../arm-none-eabi/lib/thumb/v7e-m+fp/hard\libc_nano.a(libc_a-fwalk.o)
                              C:/ST/STM32CubeIDE_1.17.0/STM32CubeIDE/plugins/com.st.stm32cube.ide.mcu.externaltools.gnu-tools-for-stm32.12.3.rel1.win32_1.1.0.202410251130/tools/bin/../lib/gcc/arm-none-eabi/12.3.1/../../../../arm-none-eabi/lib/thumb/v7e-m+fp/hard\libc_nano.a(libc_a-findfp.o) (_fwalk_sglue)
C:/ST/STM32CubeIDE_1.17.0/STM32CubeIDE/plugins/com.st.stm32cube.ide.mcu.externaltools.gnu-tools-for-stm32.12.3.rel1.win32_1.1.0.202410251130/tools/bin/../lib/gcc/arm-none-eabi/12.3.1/../../../../arm-none-eabi/lib/thumb/v7e-m+fp/hard\libc_nano.a(libc_a-stdio.o)
                              C:/ST/STM32CubeIDE_1.17.0/STM32CubeIDE/plugins/com.st.stm32cube.ide.mcu.externaltools.gnu-tools-for-stm32.12.3.rel1.win32_1.1.0.202410251130/tools/bin/../lib/gcc/arm-none-eabi/12.3.1/../../../../arm-none-eabi/lib/thumb/v7e-m+fp/hard\libc_nano.a(libc_a-findfp.o) (__sread)
C:/ST/STM32CubeIDE_1.17.0/STM32CubeIDE/plugins/com.st.stm32cube.ide.mcu.externaltools.gnu-tools-for-stm32.12.3.rel1.win32_1.1.0.202410251130/tools/bin/../lib/gcc/arm-none-eabi/12.3.1/../../../../arm-none-eabi/lib/thumb/v7e-m+fp/hard\libc_nano.a(libc_a-memset.o)
                              C:/ST/STM32CubeIDE_1.17.0/STM32CubeIDE/plugins/com.st.stm32cube.ide.mcu.externaltools.gnu-tools-for-stm32.12.3.rel1.win32_1.1.0.202410251130/tools/bin/../lib/gcc/arm-none-eabi/12.3.1/../../../../arm-none-eabi/lib/thumb/v7e-m+fp/hard/crt0.o (memset)
C:/ST/STM32CubeIDE_1.17.0/STM32CubeIDE/plugins/com.st.stm32cube.ide.mcu.externaltools.gnu-tools-for-stm32.12.3.rel1.win32_1.1.0.202410251130/tools/bin/../lib/gcc/arm-none-eabi/12.3.1/../../../../arm-none-eabi/lib/thumb/v7e-m+fp/hard\libc_nano.a(libc_a-closer.o)
                              C:/ST/STM32CubeIDE_1.17.0/STM32CubeIDE/plugins/com.st.stm32cube.ide.mcu.externaltools.gnu-tools-for-stm32.12.3.rel1.win32_1.1.0.202410251130/tools/bin/../lib/gcc/arm-none-eabi/12.3.1/../../../../arm-none-eabi/lib/thumb/v7e-m+fp/hard\libc_nano.a(libc_a-stdio.o) (_close_r)
C:/ST/STM32CubeIDE_1.17.0/STM32CubeIDE/plugins/com.st.stm32cube.ide.mcu.externaltools.gnu-tools-for-stm32.12.3.rel1.win32_1.1.0.202410251130/tools/bin/../lib/gcc/arm-none-eabi/12.3.1/../../../../arm-none-eabi/lib/thumb/v7e-m+fp/hard\libc_nano.a(libc_a-reent.o)
                              C:/ST/STM32CubeIDE_1.17.0/STM32CubeIDE/plugins/com.st.stm32cube.ide.mcu.externaltools.gnu-tools-for-stm32.12.3.rel1.win32_1.1.0.202410251130/tools/bin/../lib/gcc/arm-none-eabi/12.3.1/../../../../arm-none-eabi/lib/thumb/v7e-m+fp/hard\libc_nano.a(libc_a-closer.o) (errno)
C:/ST/STM32CubeIDE_1.17.0/STM32CubeIDE/plugins/com.st.stm32cube.ide.mcu.externaltools.gnu-tools-for-stm32.12.3.rel1.win32_1.1.0.202410251130/tools/bin/../lib/gcc/arm-none-eabi/12.3.1/../../../../arm-none-eabi/lib/thumb/v7e-m+fp/hard\libc_nano.a(libc_a-impure.o)
                              C:/ST/STM32CubeIDE_1.17.0/STM32CubeIDE/plugins/com.st.stm32cube.ide.mcu.externaltools.gnu-tools-for-stm32.12.3.rel1.win32_1.1.0.202410251130/tools/bin/../lib/gcc/arm-none-eabi/12.3.1/../../../../arm-none-eabi/lib/thumb/v7e-m+fp/hard\libc_nano.a(libc_a-reent.o) (_impure_ptr)
C:/ST/STM32CubeIDE_1.17.0/STM32CubeIDE/plugins/com.st.stm32cube.ide.mcu.externaltools.gnu-tools-for-stm32.12.3.rel1.win32_1.1.0.202410251130/tools/bin/../lib/gcc/arm-none-eabi/12.3.1/../../../../arm-none-eabi/lib/thumb/v7e-m+fp/hard\libc_nano.a(libc_a-lseekr.o)
[...]
Memory Configuration

Name             Origin             Length             Attributes
FLASH            0x08100000         0x00100000         xr
RAM              0x10000000         0x00048000         xrw
*default*        0x00000000         0xffffffff

Linker script and memory map

LOAD C:/ST/STM32CubeIDE_1.17.0/STM32CubeIDE/plugins/com.st.stm32cube.ide.mcu.externaltools.gnu-tools-for-stm32.12.3.rel1.win32_1.1.0.202410251130/tools/bin/../lib/gcc/arm-none-eabi/12.3.1/thumb/v7e-m+fp/hard/crti.o
LOAD C:/ST/STM32CubeIDE_1.17.0/STM32CubeIDE/plugins/com.st.stm32cube.ide.mcu.externaltools.gnu-tools-for-stm32.12.3.rel1.win32_1.1.0.202410251130/tools/bin/../lib/gcc/arm-none-eabi/12.3.1/thumb/v7e-m+fp/hard/crtbegin.o
LOAD C:/ST/STM32CubeIDE_1.17.0/STM32CubeIDE/plugins/com.st.stm32cube.ide.mcu.externaltools.gnu-tools-for-stm32.12.3.rel1.win32_1.1.0.202410251130/tools/bin/../lib/gcc/arm-none-eabi/12.3.1/../../../../arm-none-eabi/lib/thumb/v7e-m+fp/hard/crt0.o
LOAD ./Application/User/Core/main.o
LOAD ./Application/User/Core/stm32h7xx_hal_msp.o
LOAD ./Application/User/Core/stm32h7xx_it.o
LOAD ./Application/User/Core/syscalls.o
LOAD ./Application/User/Core/sysmem.o
LOAD ./Application/User/Startup/startup_stm32h747xihx.o
LOAD ./Drivers/CMSIS/system_stm32h7xx_dualcore_boot_cm4_cm7.o
LOAD ./Drivers/STM32H7xx_HAL_Driver/stm32h7xx_hal.o
LOAD ./Drivers/STM32H7xx_HAL_Driver/stm32h7xx_hal_cortex.o
LOAD ./Drivers/STM32H7xx_HAL_Driver/stm32h7xx_hal_dma.o
LOAD ./Drivers/STM32H7xx_HAL_Driver/stm32h7xx_hal_dma_ex.o
LOAD ./Drivers/STM32H7xx_HAL_Driver/stm32h7xx_hal_exti.o
LOAD ./Drivers/STM32H7xx_HAL_Driver/stm32h7xx_hal_flash.o
LOAD ./Drivers/STM32H7xx_HAL_Driver/stm32h7xx_hal_flash_ex.o
LOAD ./Drivers/STM32H7xx_HAL_Driver/stm32h7xx_hal_gpio.o
LOAD ./Drivers/STM32H7xx_HAL_Driver/stm32h7xx_hal_hsem.o
LOAD ./Drivers/STM32H7xx_HAL_Driver/stm32h7xx_hal_i2c.o
LOAD ./Drivers/STM32H7xx_HAL_Driver/stm32h7xx_hal_i2c_ex.o
LOAD ./Drivers/STM32H7xx_HAL_Driver/stm32h7xx_hal_mdma.o
LOAD ./Drivers/STM32H7xx_HAL_Driver/stm32h7xx_hal_pwr.o
LOAD ./Drivers/STM32H7xx_HAL_Driver/stm32h7xx_hal_pwr_ex.o
LOAD ./Drivers/STM32H7xx_HAL_Driver/stm32h7xx_hal_rcc.o
LOAD ./Drivers/STM32H7xx_HAL_Driver/stm32h7xx_hal_rcc_ex.o
START GROUP
LOAD C:/ST/STM32CubeIDE_1.17.0/STM32CubeIDE/plugins/com.st.stm32cube.ide.mcu.externaltools.gnu-tools-for-stm32.12.3.rel1.win32_1.1.0.202410251130/tools/bin/../lib/gcc/arm-none-eabi/12.3.1/../../../../arm-none-eabi/lib/thumb/v7e-m+fp/hard\libstdc++_nano.a
LOAD C:/ST/STM32CubeIDE_1.17.0/STM32CubeIDE/plugins/com.st.stm32cube.ide.mcu.externaltools.gnu-tools-for-stm32.12.3.rel1.win32_1.1.0.202410251130/tools/bin/../lib/gcc/arm-none-eabi/12.3.1/../../../../arm-none-eabi/lib/thumb/v7e-m+fp/hard\libsupc++_nano.a
END GROUP
LOAD C:/ST/STM32CubeIDE_1.17.0/STM32CubeIDE/plugins/com.st.stm32cube.ide.mcu.externaltools.gnu-tools-for-stm32.12.3.rel1.win32_1.1.0.202410251130/tools/bin/../lib/gcc/arm-none-eabi/12.3.1/../../../../arm-none-eabi/lib/thumb/v7e-m+fp/hard\libstdc++_nano.a
LOAD C:/ST/STM32CubeIDE_1.17.0/STM32CubeIDE/plugins/com.st.stm32cube.ide.mcu.externaltools.gnu-tools-for-stm32.12.3.rel1.win32_1.1.0.202410251130/tools/bin/../lib/gcc/arm-none-eabi/12.3.1/../../../../arm-none-eabi/lib/thumb/v7e-m+fp/hard\libm.a
LOAD C:/ST/STM32CubeIDE_1.17.0/STM32CubeIDE/plugins/com.st.stm32cube.ide.mcu.externaltools.gnu-tools-for-stm32.12.3.rel1.win32_1.1.0.202410251130/tools/bin/../lib/gcc/arm-none-eabi/12.3.1/../../../../arm-none-eabi/lib/thumb/v7e-m+fp/hard\libc_nano.a
START GROUP
LOAD C:/ST/STM32CubeIDE_1.17.0/STM32CubeIDE/plugins/com.st.stm32cube.ide.mcu.externaltools.gnu-tools-for-stm32.12.3.rel1.win32_1.1.0.202410251130/tools/bin/../lib/gcc/arm-none-eabi/12.3.1/thumb/v7e-m+fp/hard\libgcc.a
LOAD C:/ST/STM32CubeIDE_1.17.0/STM32CubeIDE/plugins/com.st.stm32cube.ide.mcu.externaltools.gnu-tools-for-stm32.12.3.rel1.win32_1.1.0.202410251130/tools/bin/../lib/gcc/arm-none-eabi/12.3.1/../../../../arm-none-eabi/lib/thumb/v7e-m+fp/hard\libc_nano.a
END GROUP
START GROUP
LOAD C:/ST/STM32CubeIDE_1.17.0/STM32CubeIDE/plugins/com.st.stm32cube.ide.mcu.externaltools.gnu-tools-for-stm32.12.3.rel1.win32_1.1.0.202410251130/tools/bin/../lib/gcc/arm-none-eabi/12.3.1/thumb/v7e-m+fp/hard\libgcc.a
LOAD C:/ST/STM32CubeIDE_1.17.0/STM32CubeIDE/plugins/com.st.stm32cube.ide.mcu.externaltools.gnu-tools-for-stm32.12.3.rel1.win32_1.1.0.202410251130/tools/bin/../lib/gcc/arm-none-eabi/12.3.1/../../../../arm-none-eabi/lib/thumb/v7e-m+fp/hard\libc_nano.a
LOAD C:/ST/STM32CubeIDE_1.17.0/STM32CubeIDE/plugins/com.st.stm32cube.ide.mcu.externaltools.gnu-tools-for-stm32.12.3.rel1.win32_1.1.0.202410251130/tools/bin/../lib/gcc/arm-none-eabi/12.3.1/../../../../arm-none-eabi/lib/thumb/v7e-m+fp/hard\libnosys.a
END GROUP
START GROUP
LOAD C:/ST/STM32CubeIDE_1.17.0/STM32CubeIDE/plugins/com.st.stm32cube.ide.mcu.externaltools.gnu-tools-for-stm32.12.3.rel1.win32_1.1.0.202410251130/tools/bin/../lib/gcc/arm-none-eabi/12.3.1/thumb/v7e-m+fp/hard\libgcc.a
LOAD C:/ST/STM32CubeIDE_1.17.0/STM32CubeIDE/plugins/com.st.stm32cube.ide.mcu.externaltools.gnu-tools-for-stm32.12.3.rel1.win32_1.1.0.202410251130/tools/bin/../lib/gcc/arm-none-eabi/12.3.1/../../../../arm-none-eabi/lib/thumb/v7e-m+fp/hard\libc_nano.a
LOAD C:/ST/STM32CubeIDE_1.17.0/STM32CubeIDE/plugins/com.st.stm32cube.ide.mcu.externaltools.gnu-tools-for-stm32.12.3.rel1.win32_1.1.0.202410251130/tools/bin/../lib/gcc/arm-none-eabi/12.3.1/../../../../arm-none-eabi/lib/thumb/v7e-m+fp/hard\libnosys.a
END GROUP
LOAD C:/ST/STM32CubeIDE_1.17.0/STM32CubeIDE/plugins/com.st.stm32cube.ide.mcu.externaltools.gnu-tools-for-stm32.12.3.rel1.win32_1.1.0.202410251130/tools/bin/../lib/gcc/arm-none-eabi/12.3.1/thumb/v7e-m+fp/hard/crtend.o
LOAD C:/ST/STM32CubeIDE_1.17.0/STM32CubeIDE/plugins/com.st.stm32cube.ide.mcu.externaltools.gnu-tools-for-stm32.12.3.rel1.win32_1.1.0.202410251130/tools/bin/../lib/gcc/arm-none-eabi/12.3.1/thumb/v7e-m+fp/hard/crtn.o
                0x10048000                        _estack = (ORIGIN (RAM) + LENGTH (RAM))
                0x00001000                        _Min_Heap_Size = 0x1000
                0x00001000                        _Min_Stack_Size = 0x1000

.isr_vector     0x08100000      0x298
                0x08100000                        . = ALIGN (0x4)
 *(.isr_vector)
 .isr_vector    0x08100000      0x298 ./Application/User/Startup/startup_stm32h747xihx.o
                0x08100000                g_pfnVectors
                0x08100298                        . = ALIGN (0x4)

.text           0x08100298      0xd9c
                0x08100298                        . = ALIGN (0x4)
 *(.text)
 .text          0x08100298       0x40 C:/ST/STM32CubeIDE_1.17.0/STM32CubeIDE/plugins/com.st.stm32cube.ide.mcu.externaltools.gnu-tools-for-stm32.12.3.rel1.win32_1.1.0.202410251130/tools/bin/../lib/gcc/arm-none-eabi/12.3.1/thumb/v7e-m+fp/hard/crtbegin.o
 *(.text*)
 .text.main     0x081002d8       0x84 ./Application/User/Core/main.o
                0x081002d8                main
 .text.MX_MDMA_Init
                0x0810035c       0x34 ./Application/User/Core/main.o
 .text.MX_GPIO_Init
                0x08100390       0x5c ./Application/User/Core/main.o
 .text.HAL_MspInit
                0x081003ec       0x34 ./Application/User/Core/stm32h7xx_hal_msp.o
                0x081003ec                HAL_MspInit
 .text.NMI_Handler
                0x08100420        0x8 ./Application/User/Core/stm32h7xx_it.o
                0x08100420                NMI_Handler
 .text.HardFault_Handler
                0x08100428        0x8 ./Application/User/Core/stm32h7xx_it.o
                0x08100428                HardFault_Handler
 .text.MemManage_Handler
                0x08100430        0x8 ./Application/User/Core/stm32h7xx_it.o
                0x08100430                MemManage_Handler
 .text.BusFault_Handler
                0x08100438        0x8 ./Application/User/Core/stm32h7xx_it.o
                0x08100438                BusFault_Handler
 .text.UsageFault_Handler
                0x08100440        0x8 ./Application/User/Core/stm32h7xx_it.o
                0x08100440                UsageFault_Handler
 .text.SVC_Handler
                0x08100448        0xe ./Application/User/Core/stm32h7xx_it.o
                0x08100448                SVC_Handler
 .text.DebugMon_Handler
                0x08100456        0xe ./Application/User/Core/stm32h7xx_it.o
                0x08100456                DebugMon_Handler
 .text.PendSV_Handler
                0x08100464        0xe ./Application/User/Core/stm32h7xx_it.o
                0x08100464                PendSV_Handler
 .text.SysTick_Handler
                0x08100472        0xc ./Application/User/Core/stm32h7xx_it.o
                0x08100472                SysTick_Handler
 *fill*         0x0810047e        0x2 
 .text.Reset_Handler
                0x08100480       0x50 ./Application/User/Startup/startup_stm32h747xihx.o
                0x08100480                Reset_Handler
 .text.Default_Handler
                0x081004d0        0x2 ./Application/User/Startup/startup_stm32h747xihx.o
                0x081004d0                RTC_Alarm_IRQHandler
                0x081004d0                EXTI2_IRQHandler
                0x081004d0                TIM8_CC_IRQHandler
                0x081004d0                HRTIM1_Master_IRQHandler
                0x081004d0                UART8_IRQHandler
                0x081004d0                SPI4_IRQHandler
                0x081004d0                TIM1_CC_IRQHandler
                0x081004d0                BDMA_Channel6_IRQHandler
                0x081004d0                DMA2_Stream5_IRQHandler
                0x081004d0                HRTIM1_FLT_IRQHandler
                0x081004d0                JPEG_IRQHandler
                0x081004d0                DMA1_Stream5_IRQHandler
                0x081004d0                BDMA_Channel1_IRQHandler
                0x081004d0                HRTIM1_TIMD_IRQHandler
                0x081004d0                TAMP_STAMP_IRQHandler
                0x081004d0                EXTI3_IRQHandler
                0x081004d0                LPTIM4_IRQHandler
                0x081004d0                TIM8_TRG_COM_TIM14_IRQHandler
                0x081004d0                LPTIM2_IRQHandler
                0x081004d0                DFSDM1_FLT1_IRQHandler
                0x081004d0                DMAMUX2_OVR_IRQHandler
                0x081004d0                TIM8_UP_TIM13_IRQHandler
                0x081004d0                I2C3_ER_IRQHandler
                0x081004d0                DFSDM1_FLT2_IRQHandler
                0x081004d0                MDMA_IRQHandler
                0x081004d0                LPTIM3_IRQHandler
                0x081004d0                HSEM1_IRQHandler
                0x081004d0                EXTI0_IRQHandler
                0x081004d0                I2C2_EV_IRQHandler
                0x081004d0                DMA1_Stream2_IRQHandler
                0x081004d0                FPU_IRQHandler
                0x081004d0                OTG_HS_WKUP_IRQHandler
                0x081004d0                FDCAN1_IT1_IRQHandler
                0x081004d0                LTDC_ER_IRQHandler
                0x081004d0                DMA2_Stream2_IRQHandler
                0x081004d0                HRTIM1_TIME_IRQHandler
                0x081004d0                SPI1_IRQHandler
                0x081004d0                TIM6_DAC_IRQHandler
                0x081004d0                DCMI_IRQHandler
                0x081004d0                HRTIM1_TIMC_IRQHandler
                0x081004d0                DMA2_Stream3_IRQHandler
                0x081004d0                SAI2_IRQHandler
                0x081004d0                DFSDM1_FLT3_IRQHandler
                0x081004d0                USART6_IRQHandler
                0x081004d0                TIM17_IRQHandler
                0x081004d0                USART3_IRQHandler
                0x081004d0                BDMA_Channel7_IRQHandler
                0x081004d0                LPTIM5_IRQHandler
                0x081004d0                UART5_IRQHandler
                0x081004d0                ADC3_IRQHandler
                0x081004d0                DMA2_Stream0_IRQHandler
                0x081004d0                TIM4_IRQHandler
                0x081004d0                BDMA_Channel2_IRQHandler
                0x081004d0                QUADSPI_IRQHandler
                0x081004d0                I2C1_EV_IRQHandler
                0x081004d0                DMA1_Stream6_IRQHandler
                0x081004d0                DMAMUX1_OVR_IRQHandler
                0x081004d0                DMA1_Stream1_IRQHandler
                0x081004d0                TIM16_IRQHandler
                0x081004d0                UART4_IRQHandler
                0x081004d0                BDMA_Channel5_IRQHandler
                0x081004d0                TIM3_IRQHandler
                0x081004d0                RCC_IRQHandler
                0x081004d0                TIM8_BRK_TIM12_IRQHandler
                0x081004d0                TIM1_TRG_COM_IRQHandler
                0x081004d0                Default_Handler
                0x081004d0                ECC_IRQHandler
                0x081004d0                CEC_IRQHandler
                0x081004d0                EXTI15_10_IRQHandler
                0x081004d0                BDMA_Channel0_IRQHandler
                0x081004d0                ADC_IRQHandler
                0x081004d0                DMA1_Stream7_IRQHandler
                0x081004d0                HRTIM1_TIMA_IRQHandler
                0x081004d0                SPI5_IRQHandler
                0x081004d0                TIM7_IRQHandler
                0x081004d0                SDMMC1_IRQHandler
                0x081004d0                TIM5_IRQHandler
                0x081004d0                DMA2_Stream7_IRQHandler
                0x081004d0                TIM15_IRQHandler
                0x081004d0                PVD_AVD_IRQHandler
                0x081004d0                I2C3_EV_IRQHandler
                0x081004d0                EXTI9_5_IRQHandler
                0x081004d0                RTC_WKUP_IRQHandler
                0x081004d0                LTDC_IRQHandler
                0x081004d0                SAI3_IRQHandler
                0x081004d0                ETH_WKUP_IRQHandler
                0x081004d0                SPDIF_RX_IRQHandler
                0x081004d0                SPI2_IRQHandler
                0x081004d0                OTG_HS_EP1_IN_IRQHandler
                0x081004d0                DMA1_Stream0_IRQHandler
                0x081004d0                CRS_IRQHandler
                0x081004d0                CM7_SEV_IRQHandler
                0x081004d0                EXTI4_IRQHandler
                0x081004d0                RNG_IRQHandler
                0x081004d0                CM4_SEV_IRQHandler
                0x081004d0                HRTIM1_TIMB_IRQHandler
                0x081004d0                FDCAN2_IT1_IRQHandler
                0x081004d0                DSI_IRQHandler
                0x081004d0                ETH_IRQHandler
                0x081004d0                TIM1_UP_IRQHandler
                0x081004d0                WWDG_RST_IRQHandler
                0x081004d0                BDMA_Channel4_IRQHandler
                0x081004d0                OTG_HS_EP1_OUT_IRQHandler
                0x081004d0                WWDG_IRQHandler
                0x081004d0                SPI6_IRQHandler
                0x081004d0                MDIOS_IRQHandler
                0x081004d0                I2C4_EV_IRQHandler
                0x081004d0                FDCAN2_IT0_IRQHandler
                0x081004d0                LPUART1_IRQHandler
                0x081004d0                FDCAN1_IT0_IRQHandler
                0x081004d0                TIM2_IRQHandler
                0x081004d0                OTG_FS_WKUP_IRQHandler
                0x081004d0                OTG_HS_IRQHandler
                0x081004d0                HSEM2_IRQHandler
                0x081004d0                DMA2D_IRQHandler
                0x081004d0                TIM1_BRK_IRQHandler
                0x081004d0                EXTI1_IRQHandler
                0x081004d0                SDMMC2_IRQHandler
                0x081004d0                OTG_FS_EP1_OUT_IRQHandler
                0x081004d0                BDMA_Channel3_IRQHandler
                0x081004d0                HOLD_CORE_IRQHandler
                0x081004d0                UART7_IRQHandler
                0x081004d0                MDIOS_WKUP_IRQHandler
                0x081004d0                USART2_IRQHandler
                0x081004d0                DFSDM1_FLT0_IRQHandler
                0x081004d0                SAI4_IRQHandler
                0x081004d0                I2C2_ER_IRQHandler
                0x081004d0                DMA2_Stream1_IRQHandler
                0x081004d0                FLASH_IRQHandler
                0x081004d0                DMA2_Stream4_IRQHandler
                0x081004d0                USART1_IRQHandler
                0x081004d0                OTG_FS_IRQHandler
                0x081004d0                SPI3_IRQHandler
                0x081004d0                WAKEUP_PIN_IRQHandler
                0x081004d0                DMA1_Stream4_IRQHandler
                0x081004d0                OTG_FS_EP1_IN_IRQHandler
                0x081004d0                I2C1_ER_IRQHandler
                0x081004d0                FMC_IRQHandler
                0x081004d0                FDCAN_CAL_IRQHandler
                0x081004d0                SWPMI1_IRQHandler
                0x081004d0                COMP1_IRQHandler
                0x081004d0                LPTIM1_IRQHandler
                0x081004d0                I2C4_ER_IRQHandler
                0x081004d0                DMA2_Stream6_IRQHandler
                0x081004d0                SAI1_IRQHandler
                0x081004d0                DMA1_Stream3_IRQHandler
 *fill*         0x081004d2        0x2 
 .text.SystemInit
                0x081004d4       0x38 ./Drivers/CMSIS/system_stm32h7xx_dualcore_boot_cm4_cm7.o
                0x081004d4                SystemInit
 .text.HAL_Init
                0x0810050c       0xbc ./Drivers/STM32H7xx_HAL_Driver/stm32h7xx_hal.o
                0x0810050c                HAL_Init
 .text.HAL_InitTick
                0x081005c8       0x6c ./Drivers/STM32H7xx_HAL_Driver/stm32h7xx_hal.o
                0x081005c8                HAL_InitTick
 .text.HAL_IncTick
                0x08100634       0x28 ./Drivers/STM32H7xx_HAL_Driver/stm32h7xx_hal.o
                0x08100634                HAL_IncTick
 .text.__NVIC_SetPriorityGrouping
                0x0810065c       0x48 ./Drivers/STM32H7xx_HAL_Driver/stm32h7xx_hal_cortex.o
 .text.__NVIC_GetPriorityGrouping
                0x081006a4       0x1c ./Drivers/STM32H7xx_HAL_Driver/stm32h7xx_hal_cortex.o
 .text.__NVIC_SetPriority
                0x081006c0       0x54 ./Drivers/STM32H7xx_HAL_Driver/stm32h7xx_hal_cortex.o
 .text.NVIC_EncodePriority
                0x08100714       0x66 ./Drivers/STM32H7xx_HAL_Driver/stm32h7xx_hal_cortex.o
 *fill*         0x0810077a        0x2 
 .text.SysTick_Config
                0x0810077c       0x44 ./Drivers/STM32H7xx_HAL_Driver/stm32h7xx_hal_cortex.o
 .text.HAL_NVIC_SetPriorityGrouping
                0x081007c0       0x16 ./Drivers/STM32H7xx_HAL_Driver/stm32h7xx_hal_cortex.o
                0x081007c0                HAL_NVIC_SetPriorityGrouping
 .text.HAL_NVIC_SetPriority
                0x081007d6       0x34 ./Drivers/STM32H7xx_HAL_Driver/stm32h7xx_hal_cortex.o
                0x081007d6                HAL_NVIC_SetPriority
 .text.HAL_SYSTICK_Config
                0x0810080a       0x18 ./Drivers/STM32H7xx_HAL_Driver/stm32h7xx_hal_cortex.o
                0x0810080a                HAL_SYSTICK_Config
 *fill*         0x08100822        0x2 
 .text.HAL_GetCurrentCPUID
                0x08100824       0x28 ./Drivers/STM32H7xx_HAL_Driver/stm32h7xx_hal_cortex.o
                0x08100824                HAL_GetCurrentCPUID
 .text.HAL_GPIO_Init
                0x0810084c      0x360 ./Drivers/STM32H7xx_HAL_Driver/stm32h7xx_hal_gpio.o
                0x0810084c                HAL_GPIO_Init
 .text.HAL_HSEM_ActivateNotification
                0x08100bac       0x24 ./Drivers/STM32H7xx_HAL_Driver/stm32h7xx_hal_hsem.o
                0x08100bac                HAL_HSEM_ActivateNotification
 .text.HAL_PWREx_EnterSTOPMode
                0x08100bd0       0xf4 ./Drivers/STM32H7xx_HAL_Driver/stm32h7xx_hal_pwr_ex.o
                0x08100bd0                HAL_PWREx_EnterSTOPMode
 .text.HAL_PWREx_ClearPendingEvent
                0x08100cc4       0x1a ./Drivers/STM32H7xx_HAL_Driver/stm32h7xx_hal_pwr_ex.o
                0x08100cc4                HAL_PWREx_ClearPendingEvent
 *fill*         0x08100cde        0x2 
 .text.HAL_RCC_GetSysClockFreq
                0x08100ce0      0x2f4 ./Drivers/STM32H7xx_HAL_Driver/stm32h7xx_hal_rcc.o
                0x08100ce0                HAL_RCC_GetSysClockFreq
 .text.__libc_init_array
                0x08100fd4       0x48 C:/ST/STM32CubeIDE_1.17.0/STM32CubeIDE/plugins/com.st.stm32cube.ide.mcu.externaltools.gnu-tools-for-stm32.12.3.rel1.win32_1.1.0.202410251130/tools/bin/../lib/gcc/arm-none-eabi/12.3.1/../../../../arm-none-eabi/lib/thumb/v7e-m+fp/hard\libc_nano.a(libc_a-init.o)
                0x08100fd4                __libc_init_array
 *(.glue_7)
 .glue_7        0x0810101c        0x0 linker stubs
 *(.glue_7t)
 .glue_7t       0x0810101c        0x0 linker stubs
 *(.eh_frame)
 .eh_frame      0x0810101c        0x0 C:/ST/STM32CubeIDE_1.17.0/STM32CubeIDE/plugins/com.st.stm32cube.ide.mcu.externaltools.gnu-tools-for-stm32.12.3.rel1.win32_1.1.0.202410251130/tools/bin/../lib/gcc/arm-none-eabi/12.3.1/thumb/v7e-m+fp/hard/crtbegin.o
 *(.init)
 .init          0x0810101c        0x4 C:/ST/STM32CubeIDE_1.17.0/STM32CubeIDE/plugins/com.st.stm32cube.ide.mcu.externaltools.gnu-tools-for-stm32.12.3.rel1.win32_1.1.0.202410251130/tools/bin/../lib/gcc/arm-none-eabi/12.3.1/thumb/v7e-m+fp/hard/crti.o
                0x0810101c                _init
 .init          0x08101020        0x8 C:/ST/STM32CubeIDE_1.17.0/STM32CubeIDE/plugins/com.st.stm32cube.ide.mcu.externaltools.gnu-tools-for-stm32.12.3.rel1.win32_1.1.0.202410251130/tools/bin/../lib/gcc/arm-none-eabi/12.3.1/thumb/v7e-m+fp/hard/crtn.o
 *(.fini)
 .fini          0x08101028        0x4 C:/ST/STM32CubeIDE_1.17.0/STM32CubeIDE/plugins/com.st.stm32cube.ide.mcu.externaltools.gnu-tools-for-stm32.12.3.rel1.win32_1.1.0.202410251130/tools/bin/../lib/gcc/arm-none-eabi/12.3.1/thumb/v7e-m+fp/hard/crti.o
                0x08101028                _fini
 .fini          0x0810102c        0x8 C:/ST/STM32CubeIDE_1.17.0/STM32CubeIDE/plugins/com.st.stm32cube.ide.mcu.externaltools.gnu-tools-for-stm32.12.3.rel1.win32_1.1.0.202410251130/tools/bin/../lib/gcc/arm-none-eabi/12.3.1/thumb/v7e-m+fp/hard/crtn.o
                0x08101034                        . = ALIGN (0x4)
                0x08101034                        _etext = .

.vfp11_veneer   0x08101034        0x0
 .vfp11_veneer  0x08101034        0x0 linker stubs

.v4_bx          0x08101034        0x0
 .v4_bx         0x08101034        0x0 linker stubs

.iplt           0x08101034        0x0
 .iplt          0x08101034        0x0 C:/ST/STM32CubeIDE_1.17.0/STM32CubeIDE/plugins/com.st.stm32cube.ide.mcu.externaltools.gnu-tools-for-stm32.12.3.rel1.win32_1.1.0.202410251130/tools/bin/../lib/gcc/arm-none-eabi/12.3.1/thumb/v7e-m+fp/hard/crtbegin.o

.rodata         0x08101034       0x10
                0x08101034                        . = ALIGN (0x4)
 *(.rodata)
 *(.rodata*)
 .rodata.D1CorePrescTable
                0x08101034       0x10 ./Drivers/CMSIS/system_stm32h7xx_dualcore_boot_cm4_cm7.o
                0x08101034                D1CorePrescTable
                0x08101044                        . = ALIGN (0x4)

.rel.dyn        0x08101044        0x0
 .rel.iplt      0x08101044        0x0 C:/ST/STM32CubeIDE_1.17.0/STM32CubeIDE/plugins/com.st.stm32cube.ide.mcu.externaltools.gnu-tools-for-stm32.12.3.rel1.win32_1.1.0.202410251130/tools/bin/../lib/gcc/arm-none-eabi/12.3.1/thumb/v7e-m+fp/hard/crtbegin.o

.ARM.extab
 *(.ARM.extab* .gnu.linkonce.armextab.*)

.ARM            0x08101044        0x0
                0x08101044                        __exidx_start = .
 *(.ARM.exidx*)
                0x08101044                        __exidx_end = .

.preinit_array  0x08101044        0x0
                0x08101044                        PROVIDE (__preinit_array_start = .)
 *(.preinit_array*)
                0x08101044                        PROVIDE (__preinit_array_end = .)

.init_array     0x08101044        0x4
                0x08101044                        PROVIDE (__init_array_start = .)
 *(SORT_BY_NAME(.init_array.*))
 *(.init_array*)
 .init_array    0x08101044        0x4 C:/ST/STM32CubeIDE_1.17.0/STM32CubeIDE/plugins/com.st.stm32cube.ide.mcu.externaltools.gnu-tools-for-stm32.12.3.rel1.win32_1.1.0.202410251130/tools/bin/../lib/gcc/arm-none-eabi/12.3.1/thumb/v7e-m+fp/hard/crtbegin.o
                0x08101048                        PROVIDE (__init_array_end = .)

.fini_array     0x08101048        0x4
                [!provide]                        PROVIDE (__fini_array_start = .)
 *(SORT_BY_NAME(.fini_array.*))
 *(.fini_array*)
 .fini_array    0x08101048        0x4 C:/ST/STM32CubeIDE_1.17.0/STM32CubeIDE/plugins/com.st.stm32cube.ide.mcu.externaltools.gnu-tools-for-stm32.12.3.rel1.win32_1.1.0.202410251130/tools/bin/../lib/gcc/arm-none-eabi/12.3.1/thumb/v7e-m+fp/hard/crtbegin.o
                [!provide]                        PROVIDE (__fini_array_end = .)
                0x0810104c                        _sidata = LOADADDR (.data)

.data           0x10000000       0x10 load address 0x0810104c
                0x10000000                        . = ALIGN (0x4)
                0x10000000                        _sdata = .
 *(.data)
 *(.data*)
 .data.SystemCoreClock
                0x10000000        0x4 ./Drivers/CMSIS/system_stm32h7xx_dualcore_boot_cm4_cm7.o
                0x10000000                SystemCoreClock
 .data.SystemD2Clock
                0x10000004        0x4 ./Drivers/CMSIS/system_stm32h7xx_dualcore_boot_cm4_cm7.o
                0x10000004                SystemD2Clock
 .data.uwTickPrio
                0x10000008        0x4 ./Drivers/STM32H7xx_HAL_Driver/stm32h7xx_hal.o
                0x10000008                uwTickPrio
 .data.uwTickFreq
                0x1000000c        0x1 ./Drivers/STM32H7xx_HAL_Driver/stm32h7xx_hal.o
                0x1000000c                uwTickFreq
 *(.RamFunc)
 *(.RamFunc*)
                0x10000010                        . = ALIGN (0x4)
 *fill*         0x1000000d        0x3 
                0x10000010                        _edata = .

.igot.plt       0x10000010        0x0 load address 0x0810105c
 .igot.plt      0x10000010        0x0 C:/ST/STM32CubeIDE_1.17.0/STM32CubeIDE/plugins/com.st.stm32cube.ide.mcu.externaltools.gnu-tools-for-stm32.12.3.rel1.win32_1.1.0.202410251130/tools/bin/../lib/gcc/arm-none-eabi/12.3.1/thumb/v7e-m+fp/hard/crtbegin.o
                0x10000010                        . = ALIGN (0x4)

.bss            0x10000010       0x20 load address 0x0810105c
                0x10000010                        _sbss = .
                0x10000010                        __bss_start__ = _sbss
 *(.bss)
 .bss           0x10000010       0x1c C:/ST/STM32CubeIDE_1.17.0/STM32CubeIDE/plugins/com.st.stm32cube.ide.mcu.externaltools.gnu-tools-for-stm32.12.3.rel1.win32_1.1.0.202410251130/tools/bin/../lib/gcc/arm-none-eabi/12.3.1/thumb/v7e-m+fp/hard/crtbegin.o
 *(.bss*)
 .bss.uwTick    0x1000002c        0x4 ./Drivers/STM32H7xx_HAL_Driver/stm32h7xx_hal.o
                0x1000002c                uwTick
 *(COMMON)
                0x10000030                        . = ALIGN (0x4)
                0x10000030                        _ebss = .
                0x10000030                        __bss_end__ = _ebss

._user_heap_stack
                0x10000030     0x2000 load address 0x0810105c
                0x10000030                        . = ALIGN (0x8)
                [!provide]                        PROVIDE (end = .)
                0x10000030                        PROVIDE (_end = .)
                0x10001030                        . = (. + _Min_Heap_Size)
 *fill*         0x10000030     0x1000 
                0x10002030                        . = (. + _Min_Stack_Size)
 *fill*         0x10001030     0x1000 
                0x10002030                        . = ALIGN (0x8)

/DISCARD/
 libc.a(*)
 libm.a(*)
 libgcc.a(*)

.ARM.attributes
                0x00000000       0x30
 *(.ARM.attributes)
 .ARM.attributes
                0x00000000       0x22 C:/ST/STM32CubeIDE_1.17.0/STM32CubeIDE/plugins/com.st.stm32cube.ide.mcu.externaltools.gnu-tools-for-stm32.12.3.rel1.win32_1.1.0.202410251130/tools/bin/../lib/gcc/arm-none-eabi/12.3.1/thumb/v7e-m+fp/hard/crti.o
 .ARM.attributes
                0x00000022       0x34 C:/ST/STM32CubeIDE_1.17.0/STM32CubeIDE/plugins/com.st.stm32cube.ide.mcu.externaltools.gnu-tools-for-stm32.12.3.rel1.win32_1.1.0.202410251130/tools/bin/../lib/gcc/arm-none-eabi/12.3.1/thumb/v7e-m+fp/hard/crtbegin.o
 .ARM.attributes
                0x00000056       0x34 ./Application/User/Core/main.o
 .ARM.attributes
                0x0000008a       0x34 ./Application/User/Core/stm32h7xx_hal_msp.o
 .ARM.attributes
                0x000000be       0x34 ./Application/User/Core/stm32h7xx_it.o
 .ARM.attributes
                0x000000f2       0x21 ./Application/User/Startup/startup_stm32h747xihx.o
 .ARM.attributes
                0x00000113       0x34 ./Drivers/CMSIS/system_stm32h7xx_dualcore_boot_cm4_cm7.o
 .ARM.attributes
                0x00000147       0x34 ./Drivers/STM32H7xx_HAL_Driver/stm32h7xx_hal.o
 .ARM.attributes
                0x0000017b       0x34 ./Drivers/STM32H7xx_HAL_Driver/stm32h7xx_hal_cortex.o
 .ARM.attributes
                0x000001af       0x34 ./Drivers/STM32H7xx_HAL_Driver/stm32h7xx_hal_gpio.o
 .ARM.attributes
                0x000001e3       0x34 ./Drivers/STM32H7xx_HAL_Driver/stm32h7xx_hal_hsem.o
 .ARM.attributes
                0x00000217       0x34 ./Drivers/STM32H7xx_HAL_Driver/stm32h7xx_hal_pwr_ex.o
 .ARM.attributes
                0x0000024b       0x34 ./Drivers/STM32H7xx_HAL_Driver/stm32h7xx_hal_rcc.o
 .ARM.attributes
                0x0000027f       0x34 C:/ST/STM32CubeIDE_1.17.0/STM32CubeIDE/plugins/com.st.stm32cube.ide.mcu.externaltools.gnu-tools-for-stm32.12.3.rel1.win32_1.1.0.202410251130/tools/bin/../lib/gcc/arm-none-eabi/12.3.1/../../../../arm-none-eabi/lib/thumb/v7e-m+fp/hard\libc_nano.a(libc_a-init.o)
 .ARM.attributes
                0x000002b3       0x22 C:/ST/STM32CubeIDE_1.17.0/STM32CubeIDE/plugins/com.st.stm32cube.ide.mcu.externaltools.gnu-tools-for-stm32.12.3.rel1.win32_1.1.0.202410251130/tools/bin/../lib/gcc/arm-none-eabi/12.3.1/thumb/v7e-m+fp/hard/crtn.o
OUTPUT(STM32H747I-DISCO_CM4.elf elf32-littlearm)
LOAD linker stubs
LOAD C:/ST/STM32CubeIDE_1.17.0/STM32CubeIDE/plugins/com.st.stm32cube.ide.mcu.externaltools.gnu-tools-for-stm32.12.3.rel1.win32_1.1.0.202410251130/tools/bin/../lib/gcc/arm-none-eabi/12.3.1/../../../../arm-none-eabi/lib/thumb/v7e-m+fp/hard\libc.a
LOAD C:/ST/STM32CubeIDE_1.17.0/STM32CubeIDE/plugins/com.st.stm32cube.ide.mcu.externaltools.gnu-tools-for-stm32.12.3.rel1.win32_1.1.0.202410251130/tools/bin/../lib/gcc/arm-none-eabi/12.3.1/../../../../arm-none-eabi/lib/thumb/v7e-m+fp/hard\libm.a
LOAD C:/ST/STM32CubeIDE_1.17.0/STM32CubeIDE/plugins/com.st.stm32cube.ide.mcu.externaltools.gnu-tools-for-stm32.12.3.rel1.win32_1.1.0.202410251130/tools/bin/../lib/gcc/arm-none-eabi/12.3.1/thumb/v7e-m+fp/hard\libgcc.a

.debug_info     0x00000000     0x7084
 .debug_info    0x00000000      0xd01 ./Application/User/Core/main.o
 .debug_info    0x00000d01      0x46b ./Application/User/Core/stm32h7xx_hal_msp.o
 .debug_info    0x0000116c      0x12f ./Application/User/Core/stm32h7xx_it.o
 .debug_info    0x0000129b       0x30 ./Application/User/Startup/startup_stm32h747xihx.o
 .debug_info    0x000012cb      0x761 ./Drivers/CMSIS/system_stm32h7xx_dualcore_boot_cm4_cm7.o
 .debug_info    0x00001a2c     0x17b6 ./Drivers/STM32H7xx_HAL_Driver/stm32h7xx_hal.o
 .debug_info    0x000031e2      0xf32 ./Drivers/STM32H7xx_HAL_Driver/stm32h7xx_hal_cortex.o
 .debug_info    0x00004114      0xd06 ./Drivers/STM32H7xx_HAL_Driver/stm32h7xx_hal_gpio.o
 .debug_info    0x00004e1a      0x3d3 ./Drivers/STM32H7xx_HAL_Driver/stm32h7xx_hal_hsem.o
 .debug_info    0x000051ed     0x1030 ./Drivers/STM32H7xx_HAL_Driver/stm32h7xx_hal_pwr_ex.o
 .debug_info    0x0000621d      0xe67 ./Drivers/STM32H7xx_HAL_Driver/stm32h7xx_hal_rcc.o

.debug_abbrev   0x00000000     0x1473
 .debug_abbrev  0x00000000      0x27d ./Application/User/Core/main.o
 .debug_abbrev  0x0000027d       0xdb ./Application/User/Core/stm32h7xx_hal_msp.o
 .debug_abbrev  0x00000358       0x73 ./Application/User/Core/stm32h7xx_it.o
 .debug_abbrev  0x000003cb       0x24 ./Application/User/Startup/startup_stm32h747xihx.o
 .debug_abbrev  0x000003ef      0x138 ./Drivers/CMSIS/system_stm32h7xx_dualcore_boot_cm4_cm7.o
 .debug_abbrev  0x00000527      0x29f ./Drivers/STM32H7xx_HAL_Driver/stm32h7xx_hal.o
 .debug_abbrev  0x000007c6      0x337 ./Drivers/STM32H7xx_HAL_Driver/stm32h7xx_hal_cortex.o
 .debug_abbrev  0x00000afd      0x205 ./Drivers/STM32H7xx_HAL_Driver/stm32h7xx_hal_gpio.o
 .debug_abbrev  0x00000d02      0x1d3 ./Drivers/STM32H7xx_HAL_Driver/stm32h7xx_hal_hsem.o
 .debug_abbrev  0x00000ed5      0x2d6 ./Drivers/STM32H7xx_HAL_Driver/stm32h7xx_hal_pwr_ex.o
 .debug_abbrev  0x000011ab      0x2c8 ./Drivers/STM32H7xx_HAL_Driver/stm32h7xx_hal_rcc.o

.debug_aranges  0x00000000      0x700
 .debug_aranges
                0x00000000       0x40 ./Application/User/Core/main.o
 .debug_aranges
                0x00000040       0x20 ./Application/User/Core/stm32h7xx_hal_msp.o
 .debug_aranges
                0x00000060       0x60 ./Application/User/Core/stm32h7xx_it.o
 .debug_aranges
                0x000000c0       0x28 ./Application/User/Startup/startup_stm32h747xihx.o
 .debug_aranges
                0x000000e8       0x28 ./Drivers/CMSIS/system_stm32h7xx_dualcore_boot_cm4_cm7.o
 .debug_aranges
                0x00000110      0x200 ./Drivers/STM32H7xx_HAL_Driver/stm32h7xx_hal.o
 .debug_aranges
                0x00000310      0x130 ./Drivers/STM32H7xx_HAL_Driver/stm32h7xx_hal_cortex.o
 .debug_aranges
                0x00000440       0x58 ./Drivers/STM32H7xx_HAL_Driver/stm32h7xx_hal_gpio.o
 .debug_aranges
                0x00000498       0x70 ./Drivers/STM32H7xx_HAL_Driver/stm32h7xx_hal_hsem.o
 .debug_aranges
                0x00000508      0x170 ./Drivers/STM32H7xx_HAL_Driver/stm32h7xx_hal_pwr_ex.o
 .debug_aranges
                0x00000678       0x88 ./Drivers/STM32H7xx_HAL_Driver/stm32h7xx_hal_rcc.o

.debug_rnglists
                0x00000000      0x523
 .debug_rnglists
                0x00000000       0x2c ./Application/User/Core/main.o
 .debug_rnglists
                0x0000002c       0x13 ./Application/User/Core/stm32h7xx_hal_msp.o
 .debug_rnglists
                0x0000003f       0x43 ./Application/User/Core/stm32h7xx_it.o
 .debug_rnglists
                0x00000082       0x19 ./Application/User/Startup/startup_stm32h747xihx.o
 .debug_rnglists
                0x0000009b       0x1a ./Drivers/CMSIS/system_stm32h7xx_dualcore_boot_cm4_cm7.o
 .debug_rnglists
                0x000000b5      0x181 ./Drivers/STM32H7xx_HAL_Driver/stm32h7xx_hal.o
 .debug_rnglists
                0x00000236       0xe0 ./Drivers/STM32H7xx_HAL_Driver/stm32h7xx_hal_cortex.o
 .debug_rnglists
                0x00000316       0x3f ./Drivers/STM32H7xx_HAL_Driver/stm32h7xx_hal_gpio.o
 .debug_rnglists
                0x00000355       0x4f ./Drivers/STM32H7xx_HAL_Driver/stm32h7xx_hal_hsem.o
 .debug_rnglists
                0x000003a4      0x117 ./Drivers/STM32H7xx_HAL_Driver/stm32h7xx_hal_pwr_ex.o
 .debug_rnglists
                0x000004bb       0x68 ./Drivers/STM32H7xx_HAL_Driver/stm32h7xx_hal_rcc.o

.debug_macro    0x00000000    0x3d0b7
 .debug_macro   0x00000000      0x2a4 ./Application/User/Core/main.o
 .debug_macro   0x000002a4      0xac0 ./Application/User/Core/main.o
 .debug_macro   0x00000d64      0x22c ./Application/User/Core/main.o
 .debug_macro   0x00000f90       0x2e ./Application/User/Core/main.o
 .debug_macro   0x00000fbe       0x3b ./Application/User/Core/main.o
 .debug_macro   0x00000ff9       0x22 ./Application/User/Core/main.o
 .debug_macro   0x0000101b       0x8e ./Application/User/Core/main.o
 .debug_macro   0x000010a9       0x51 ./Application/User/Core/main.o
 .debug_macro   0x000010fa      0x103 ./Application/User/Core/main.o
 .debug_macro   0x000011fd       0x6a ./Application/User/Core/main.o
 .debug_macro   0x00001267      0x1df ./Application/User/Core/main.o
 .debug_macro   0x00001446       0x1c ./Application/User/Core/main.o
 .debug_macro   0x00001462       0x22 ./Application/User/Core/main.o
 .debug_macro   0x00001484       0xfb ./Application/User/Core/main.o
 .debug_macro   0x0000157f     0x1011 ./Application/User/Core/main.o
 .debug_macro   0x00002590      0x11f ./Application/User/Core/main.o
 .debug_macro   0x000026af    0x2ca15 ./Application/User/Core/main.o
 .debug_macro   0x0002f0c4       0x6d ./Application/User/Core/main.o
 .debug_macro   0x0002f131     0x3d79 ./Application/User/Core/main.o
 .debug_macro   0x00032eaa      0x189 ./Application/User/Core/main.o
 .debug_macro   0x00033033       0x61 ./Application/User/Core/main.o
 .debug_macro   0x00033094       0x2a ./Application/User/Core/main.o
 .debug_macro   0x000330be       0x43 ./Application/User/Core/main.o
 .debug_macro   0x00033101       0x34 ./Application/User/Core/main.o
 .debug_macro   0x00033135       0x16 ./Application/User/Core/main.o
 .debug_macro   0x0003314b       0x43 ./Application/User/Core/main.o
 .debug_macro   0x0003318e       0x34 ./Application/User/Core/main.o
 .debug_macro   0x000331c2       0x10 ./Application/User/Core/main.o
 .debug_macro   0x000331d2       0x58 ./Application/User/Core/main.o
 .debug_macro   0x0003322a       0x8e ./Application/User/Core/main.o
 .debug_macro   0x000332b8       0x1c ./Application/User/Core/main.o
 .debug_macro   0x000332d4      0x177 ./Application/User/Core/main.o
 .debug_macro   0x0003344b      0x369 ./Application/User/Core/main.o
 .debug_macro   0x000337b4      0x19b ./Application/User/Core/main.o
 .debug_macro   0x0003394f       0x5d ./Application/User/Core/main.o
 .debug_macro   0x000339ac     0x3ae3 ./Application/User/Core/main.o
 .debug_macro   0x0003748f     0x1095 ./Application/User/Core/main.o
 .debug_macro   0x00038524      0x154 ./Application/User/Core/main.o
 .debug_macro   0x00038678      0x130 ./Application/User/Core/main.o
 .debug_macro   0x000387a8      0x3c9 ./Application/User/Core/main.o
 .debug_macro   0x00038b71       0xac ./Application/User/Core/main.o
 .debug_macro   0x00038c1d      0x72d ./Application/User/Core/main.o
 .debug_macro   0x0003934a      0x228 ./Application/User/Core/main.o
 .debug_macro   0x00039572       0x66 ./Application/User/Core/main.o
 .debug_macro   0x000395d8      0x3c9 ./Application/User/Core/main.o
 .debug_macro   0x000399a1      0x407 ./Application/User/Core/main.o
 .debug_macro   0x00039da8      0x244 ./Application/User/Core/main.o
 .debug_macro   0x00039fec      0x3ca ./Application/User/Core/main.o
 .debug_macro   0x0003a3b6      0x4a2 ./Application/User/Core/main.o
 .debug_macro   0x0003a858       0x51 ./Application/User/Core/main.o
 .debug_macro   0x0003a8a9       0x4a ./Application/User/Core/main.o
 .debug_macro   0x0003a8f3      0x22c ./Application/User/Core/main.o
 .debug_macro   0x0003ab1f       0x67 ./Application/User/Core/main.o
 .debug_macro   0x0003ab86       0xa5 ./Application/User/Core/main.o
 .debug_macro   0x0003ac2b      0x218 ./Application/User/Core/main.o
 .debug_macro   0x0003ae43      0x2ea ./Application/User/Core/main.o
 .debug_macro   0x0003b12d       0x35 ./Application/User/Core/main.o
 .debug_macro   0x0003b162      0x7a4 ./Application/User/Core/main.o
 .debug_macro   0x0003b906       0x22 ./Application/User/Core/main.o
 .debug_macro   0x0003b928       0x10 ./Application/User/Core/main.o
 .debug_macro   0x0003b938      0x29a ./Application/User/Core/stm32h7xx_hal_msp.o
 .debug_macro   0x0003bbd2      0x2a4 ./Application/User/Core/stm32h7xx_it.o
 .debug_macro   0x0003be76      0x288 ./Drivers/CMSIS/system_stm32h7xx_dualcore_boot_cm4_cm7.o
 .debug_macro   0x0003c0fe      0x2ac ./Drivers/STM32H7xx_HAL_Driver/stm32h7xx_hal.o
 .debug_macro   0x0003c3aa      0x282 ./Drivers/STM32H7xx_HAL_Driver/stm32h7xx_hal_cortex.o
 .debug_macro   0x0003c62c      0x296 ./Drivers/STM32H7xx_HAL_Driver/stm32h7xx_hal_gpio.o
 .debug_macro   0x0003c8c2      0x294 ./Drivers/STM32H7xx_HAL_Driver/stm32h7xx_hal_hsem.o
 .debug_macro   0x0003cb56      0x2bb ./Drivers/STM32H7xx_HAL_Driver/stm32h7xx_hal_pwr_ex.o
 .debug_macro   0x0003ce11      0x2a6 ./Drivers/STM32H7xx_HAL_Driver/stm32h7xx_hal_rcc.o

.debug_line     0x00000000     0x8137
 .debug_line    0x00000000      0x973 ./Application/User/Core/main.o
 .debug_line    0x00000973      0x8cc ./Application/User/Core/stm32h7xx_hal_msp.o
 .debug_line    0x0000123f      0x98f ./Application/User/Core/stm32h7xx_it.o
 .debug_line    0x00001bce       0x7a ./Application/User/Startup/startup_stm32h747xihx.o
 .debug_line    0x00001c48      0xa18 ./Drivers/CMSIS/system_stm32h7xx_dualcore_boot_cm4_cm7.o
 .debug_line    0x00002660      0xfce ./Drivers/STM32H7xx_HAL_Driver/stm32h7xx_hal.o
 .debug_line    0x0000362e      0xea7 ./Drivers/STM32H7xx_HAL_Driver/stm32h7xx_hal_cortex.o
 .debug_line    0x000044d5      0xd46 ./Drivers/STM32H7xx_HAL_Driver/stm32h7xx_hal_gpio.o
 .debug_line    0x0000521b      0xa34 ./Drivers/STM32H7xx_HAL_Driver/stm32h7xx_hal_hsem.o
 .debug_line    0x00005c4f     0x10ac ./Drivers/STM32H7xx_HAL_Driver/stm32h7xx_hal_pwr_ex.o
 .debug_line    0x00006cfb     0x143c ./Drivers/STM32H7xx_HAL_Driver/stm32h7xx_hal_rcc.o

.debug_str      0x00000000   0x18bd5e
 .debug_str     0x00000000   0x1894f2 ./Application/User/Core/main.o
                             0x1899b0 (size before relaxing)
 .debug_str     0x001894f2       0x53 ./Application/User/Core/stm32h7xx_hal_msp.o
                             0x1893f3 (size before relaxing)
 .debug_str     0x00189545       0xf0 ./Application/User/Core/stm32h7xx_it.o
                             0x189252 (size before relaxing)
 .debug_str     0x00189635       0x50 ./Application/User/Startup/startup_stm32h747xihx.o
                                 0x8d (size before relaxing)
 .debug_str     0x00189685      0x118 ./Drivers/CMSIS/system_stm32h7xx_dualcore_boot_cm4_cm7.o
                             0x189498 (size before relaxing)
 .debug_str     0x0018979d     0x12b9 ./Drivers/STM32H7xx_HAL_Driver/stm32h7xx_hal.o
                             0x18a7eb (size before relaxing)
 .debug_str     0x0018aa56      0x3c4 ./Drivers/STM32H7xx_HAL_Driver/stm32h7xx_hal_cortex.o
                             0x189f71 (size before relaxing)
 .debug_str     0x0018ae1a      0x190 ./Drivers/STM32H7xx_HAL_Driver/stm32h7xx_hal_gpio.o
                             0x1896d0 (size before relaxing)
 .debug_str     0x0018afaa      0x1c6 ./Drivers/STM32H7xx_HAL_Driver/stm32h7xx_hal_hsem.o
                             0x18935b (size before relaxing)
 .debug_str     0x0018b170      0x6c5 ./Drivers/STM32H7xx_HAL_Driver/stm32h7xx_hal_pwr_ex.o
                             0x189b26 (size before relaxing)
 .debug_str     0x0018b835      0x529 ./Drivers/STM32H7xx_HAL_Driver/stm32h7xx_hal_rcc.o
                             0x189a51 (size before relaxing)

.comment        0x00000000       0x43
 .comment       0x00000000       0x43 ./Application/User/Core/main.o
                                 0x44 (size before relaxing)
 .comment       0x00000043       0x44 ./Application/User/Core/stm32h7xx_hal_msp.o
 .comment       0x00000043       0x44 ./Application/User/Core/stm32h7xx_it.o
 .comment       0x00000043       0x44 ./Drivers/CMSIS/system_stm32h7xx_dualcore_boot_cm4_cm7.o
 .comment       0x00000043       0x44 ./Drivers/STM32H7xx_HAL_Driver/stm32h7xx_hal.o
 .comment       0x00000043       0x44 ./Drivers/STM32H7xx_HAL_Driver/stm32h7xx_hal_cortex.o
 .comment       0x00000043       0x44 ./Drivers/STM32H7xx_HAL_Driver/stm32h7xx_hal_gpio.o
 .comment       0x00000043       0x44 ./Drivers/STM32H7xx_HAL_Driver/stm32h7xx_hal_hsem.o
 .comment       0x00000043       0x44 ./Drivers/STM32H7xx_HAL_Driver/stm32h7xx_hal_pwr_ex.o
 .comment       0x00000043       0x44 ./Drivers/STM32H7xx_HAL_Driver/stm32h7xx_hal_rcc.o

.debug_frame    0x00000000     0x1ab4
 .debug_frame   0x00000000       0xb8 ./Application/User/Core/main.o
 .debug_frame   0x000000b8       0x38 ./Application/User/Core/stm32h7xx_hal_msp.o
 .debug_frame   0x000000f0      0x104 ./Application/User/Core/stm32h7xx_it.o
 .debug_frame   0x000001f4       0x58 ./Drivers/CMSIS/system_stm32h7xx_dualcore_boot_cm4_cm7.o
 .debug_frame   0x0000024c      0x848 ./Drivers/STM32H7xx_HAL_Driver/stm32h7xx_hal.o
 .debug_frame   0x00000a94      0x508 ./Drivers/STM32H7xx_HAL_Driver/stm32h7xx_hal_cortex.o
 .debug_frame   0x00000f9c      0x14c ./Drivers/STM32H7xx_HAL_Driver/stm32h7xx_hal_gpio.o
 .debug_frame   0x000010e8      0x1bc ./Drivers/STM32H7xx_HAL_Driver/stm32h7xx_hal_hsem.o
 .debug_frame   0x000012a4      0x5ec ./Drivers/STM32H7xx_HAL_Driver/stm32h7xx_hal_pwr_ex.o
 .debug_frame   0x00001890      0x1f8 ./Drivers/STM32H7xx_HAL_Driver/stm32h7xx_hal_rcc.o
 .debug_frame   0x00001a88       0x2c C:/ST/STM32CubeIDE_1.17.0/STM32CubeIDE/plugins/com.st.stm32cube.ide.mcu.externaltools.gnu-tools-for-stm32.12.3.rel1.win32_1.1.0.202410251130/tools/bin/../lib/gcc/arm-none-eabi/12.3.1/../../../../arm-none-eabi/lib/thumb/v7e-m+fp/hard\libc_nano.a(libc_a-init.o)

.debug_line_str
                0x00000000       0x71
 .debug_line_str
                0x00000000       0x71 ./Application/User/Startup/startup_stm32h747xihx.o
