C:/TouchGFXProjects/formula_optimized/CM7/Core/Src/main.c:1103:13:TouchGFX_Task	8	static
C:/TouchGFXProjects/formula_optimized/CM7/Core/Src/main.c:1121:6:Data_log	16	static
C:/TouchGFXProjects/formula_optimized/CM7/Core/Src/main.c:279:6:SystemClock_Config	128	static,ignoring_inline_asm
C:/TouchGFXProjects/formula_optimized/CM7/Core/Src/main.c:340:6:PeriphCommonClock_Config	208	static,ignoring_inline_asm
C:/TouchGFXProjects/formula_optimized/CM7/Core/Src/main.c:131:5:main	272	static,ignoring_inline_asm
C:/TouchGFXProjects/formula_optimized/CM7/Core/Src/main.c:1225:6:HAL_TIM_PeriodElapsedCallback	0	static
C:/TouchGFXProjects/formula_optimized/CM7/Core/Src/main.c:1242:6:Error_Handler	0	static,ignoring_inline_asm
