C:/TouchGFXProjects/formula_optimized/CM7/Core/Src/main.c:1103:13:TouchGFX_Task	1
C:/TouchGFXProjects/formula_optimized/CM7/Core/Src/main.c:1121:6:Data_log	1
C:/TouchGFXProjects/formula_optimized/CM7/Core/Src/main.c:279:6:SystemClock_Config	4
C:/TouchGFXProjects/formula_optimized/CM7/Core/Src/main.c:340:6:PeriphCommonClock_Config	2
C:/TouchGFXProjects/formula_optimized/CM7/Core/Src/main.c:131:5:main	38
C:/TouchGFXProjects/formula_optimized/CM7/Core/Src/main.c:1225:6:HAL_TIM_PeriodElapsedCallback	2
C:/TouchGFXProjects/formula_optimized/CM7/Core/Src/main.c:1242:6:Error_Handler	1
